// Jest Snapshot v1, https://goo.gl/fbAQLP

exports[`SetupForm it should match the snapshot 1`] = `
<SetupForm
  classes={
    Object {
      "actionsContainer": "SetupForm-actionsContainer-4",
      "button": "SetupForm-button-2",
      "pendingContainer": "SetupForm-pendingContainer-5",
      "progress": "SetupForm-progress-6",
      "root": "SetupForm-root-1",
      "stepper": "SetupForm-stepper-3",
    }
  }
  onSubmit={[MockFunction]}
/>
`;
